     VMA      LMA     Size Align Out     In      Symbol
       0        0 80200000     1 . = 0x80200000
80200000 80200000      8de     2 .text
80200000 80200000        e     2         /tmp/kernel-93d67d.o:(.text.boot)
80200000 80200000        0     1                 
80200000 80200000        0     1                 
80200000 80200000        0     1                 
80200000 80200000        e     1                 boot
8020000e 8020000e        0     1                 
8020000e 8020000e        0     1                 
8020000e 8020000e      71a     2         /tmp/kernel-93d67d.o:(.text)
8020000e 8020000e        0     1                 
8020000e 8020000e        0     1                 
8020000e 8020000e        0     1                 
8020000e 8020000e       14     1                 putchar
80200020 80200020        0     1                 
80200022 80200022        0     1                 
80200022 80200022        0     1                 
80200022 80200022        0     1                 
80200022 80200022       16     1                 getchar
80200036 80200036        0     1                 
80200036 80200036        0     1                 
80200038 80200038        0     1                 
80200038 80200038        0     1                 
80200038 80200038        0     1                 
80200038 80200038        0     1                 
80200038 80200038       2a     1                 puts
8020003c 8020003c        0     1                 
8020004e 8020004e        0     1                 
8020004e 8020004e        0     1                 .LBB2_2
8020004e 8020004e        0     1                 
80200052 80200052        0     1                 
80200052 80200052        0     1                 
80200054 80200054        0     1                 
80200058 80200058        0     1                 
80200058 80200058        0     1                 
8020005c 8020005c        0     1                 
8020005e 8020005e        0     1                 
80200060 80200060        0     1                 .LBB2_3
80200060 80200060        0     1                 
80200062 80200062        0     1                 
80200062 80200062        0     1                 
80200062 80200062        0     1                 
80200062 80200062        0     1                 
80200062 80200062        0     1                 
80200062 80200062      1e2     1                 get_hart_status
8020007e 8020007e        0     1                 .LBB3_1
8020007e 8020007e        0     1                 
8020007e 8020007e        0     1                 
80200082 80200082        0     1                 
80200082 80200082        0     1                 
80200088 80200088        0     1                 
80200088 80200088        0     1                 
8020008c 8020008c        0     1                 
80200094 80200094        0     1                 
80200094 80200094        0     1                 
802000a8 802000a8        0     1                 
802000a8 802000a8        0     1                 
802000ac 802000ac        0     1                 
802000b0 802000b0        0     1                 
802000b0 802000b0        0     1                 
802000b4 802000b4        0     1                 
802000b4 802000b4        0     1                 
802000c6 802000c6        0     1                 
802000c6 802000c6        0     1                 
802000e2 802000e2        0     1                 
802000e2 802000e2        0     1                 
802000f6 802000f6        0     1                 
802000f6 802000f6        0     1                 
8020010c 8020010c        0     1                 
80200122 80200122        0     1                 
80200138 80200138        0     1                 
8020014e 8020014e        0     1                 
80200164 80200164        0     1                 
8020017a 8020017a        0     1                 
80200190 80200190        0     1                 
802001a6 802001a6        0     1                 
802001bc 802001bc        0     1                 
802001d2 802001d2        0     1                 
802001e8 802001e8        0     1                 
802001fe 802001fe        0     1                 
80200214 80200214        0     1                 
80200218 80200218        0     1                 
80200218 80200218        0     1                 
8020021c 8020021c        0     1                 
8020021c 8020021c        0     1                 
8020022e 8020022e        0     1                 
8020022e 8020022e        0     1                 
80200242 80200242        0     1                 
80200242 80200242        0     1                 
80200244 80200244        0     1                 
80200244 80200244        0     1                 
80200244 80200244        0     1                 
80200244 80200244        0     1                 
80200244 80200244        0     1                 
80200244 80200244      4e4     1                 kernel_main
8020027c 8020027c        0     1                 .LBB4_1
8020027c 8020027c        0     1                 
8020027c 8020027c        0     1                 
80200280 80200280        0     1                 
80200280 80200280        0     1                 
80200286 80200286        0     1                 
80200286 80200286        0     1                 
8020028a 8020028a        0     1                 
80200290 80200290        0     1                 
80200290 80200290        0     1                 
802002aa 802002aa        0     1                 .LBB4_3
802002aa 802002aa        0     1                 
802002aa 802002aa        0     1                 
802002ae 802002ae        0     1                 
802002ae 802002ae        0     1                 
802002b4 802002b4        0     1                 
802002b4 802002b4        0     1                 
802002b8 802002b8        0     1                 
802002be 802002be        0     1                 
802002be 802002be        0     1                 
802002da 802002da        0     1                 .LBB4_5
802002da 802002da        0     1                 
802002da 802002da        0     1                 
802002de 802002de        0     1                 
802002de 802002de        0     1                 
802002e4 802002e4        0     1                 
802002e4 802002e4        0     1                 
802002e8 802002e8        0     1                 
802002ee 802002ee        0     1                 
802002ee 802002ee        0     1                 
80200308 80200308        0     1                 .LBB4_7
80200308 80200308        0     1                 
80200308 80200308        0     1                 
8020030c 8020030c        0     1                 
8020030c 8020030c        0     1                 
80200312 80200312        0     1                 
80200312 80200312        0     1                 
80200316 80200316        0     1                 
8020031c 8020031c        0     1                 
8020031c 8020031c        0     1                 
80200332 80200332        0     1                 
80200348 80200348        0     1                 
8020035e 8020035e        0     1                 
80200374 80200374        0     1                 
8020038a 8020038a        0     1                 
802003a0 802003a0        0     1                 
802003b6 802003b6        0     1                 
802003cc 802003cc        0     1                 
802003e2 802003e2        0     1                 
802003f8 802003f8        0     1                 
8020040e 8020040e        0     1                 
80200424 80200424        0     1                 
80200446 80200446        0     1                 
80200446 80200446        0     1                 
80200452 80200452        0     1                 
80200452 80200452        0     1                 .LBB4_9
80200452 80200452        0     1                 
80200456 80200456        0     1                 
80200456 80200456        0     1                 
8020045c 8020045c        0     1                 
8020045c 8020045c        0     1                 
80200460 80200460        0     1                 
80200466 80200466        0     1                 
80200466 80200466        0     1                 
802004a0 802004a0        0     1                 .LBB4_11
802004a0 802004a0        0     1                 
802004a0 802004a0        0     1                 
802004b4 802004b4        0     1                 
802004b4 802004b4        0     1                 .LBB4_12
802004b4 802004b4        0     1                 
802004c8 802004c8        0     1                 
802004c8 802004c8        0     1                 
802004cc 802004cc        0     1                 
802004d8 802004d8        0     1                 
802004dc 802004dc        0     1                 
802004e0 802004e0        0     1                 .LBB4_17
802004e0 802004e0        0     1                 
802004e0 802004e0        0     1                 
802004e4 802004e4        0     1                 
802004e4 802004e4        0     1                 
802004f6 802004f6        0     1                 
802004f6 802004f6        0     1                 
802004fa 802004fa        0     1                 
80200500 80200500        0     1                 
80200500 80200500        0     1                 .LBB4_18
80200500 80200500        0     1                 
80200514 80200514        0     1                 
80200514 80200514        0     1                 
80200518 80200518        0     1                 
8020051a 8020051a        0     1                 
8020051a 8020051a        0     1                 
8020051e 8020051e        0     1                 
8020051e 8020051e        0     1                 
80200530 80200530        0     1                 
80200530 80200530        0     1                 
80200544 80200544        0     1                 
80200544 80200544        0     1                 
8020055a 8020055a        0     1                 
8020055a 8020055a        0     1                 
80200570 80200570        0     1                 
80200586 80200586        0     1                 
8020059c 8020059c        0     1                 
802005b2 802005b2        0     1                 
802005c8 802005c8        0     1                 
802005de 802005de        0     1                 
802005f4 802005f4        0     1                 
8020060a 8020060a        0     1                 
80200620 80200620        0     1                 
80200636 80200636        0     1                 
8020064c 8020064c        0     1                 
80200662 80200662        0     1                 
80200666 80200666        0     1                 
80200666 80200666        0     1                 
8020066a 8020066a        0     1                 
8020066a 8020066a        0     1                 
8020067c 8020067c        0     1                 
8020067c 8020067c        0     1                 
8020067e 8020067e        0     1                 .LBB4_20
8020067e 8020067e        0     1                 
8020067e 8020067e        0     1                 
80200686 80200686        0     1                 
80200686 80200686        0     1                 
80200694 80200694        0     1                 
8020069a 8020069a        0     1                 
8020069a 8020069a        0     1                 
8020069c 8020069c        0     1                 .LBB4_23
8020069c 8020069c        0     1                 
8020069c 8020069c        0     1                 
802006aa 802006aa        0     1                 
802006b0 802006b0        0     1                 
802006b0 802006b0        0     1                 
802006b4 802006b4        0     1                 
802006b4 802006b4        0     1                 
802006b6 802006b6        0     1                 
802006ba 802006ba        0     1                 
802006ba 802006ba        0     1                 
802006c0 802006c0        0     1                 
802006c0 802006c0        0     1                 
802006c2 802006c2        0     1                 .LBB4_24
802006c2 802006c2        0     1                 
802006c2 802006c2        0     1                 
802006d0 802006d0        0     1                 
802006d6 802006d6        0     1                 
802006d6 802006d6        0     1                 
802006d8 802006d8        0     1                 .LBB4_25
802006d8 802006d8        0     1                 
802006da 802006da        0     1                 
802006de 802006de        0     1                 .LBB4_26
802006de 802006de        0     1                 
802006de 802006de        0     1                 
802006e2 802006e2        0     1                 
802006e2 802006e2        0     1                 
802006f4 802006f4        0     1                 
802006f4 802006f4        0     1                 
802006f8 802006f8        0     1                 
802006fe 802006fe        0     1                 .LBB4_27
802006fe 802006fe        0     1                 
802006fe 802006fe        0     1                 
80200706 80200706        0     1                 .LBB4_28
80200706 80200706        0     1                 
80200706 80200706        0     1                 
8020070a 8020070a        0     1                 
8020070a 8020070a        0     1                 
8020071c 8020071c        0     1                 
8020071c 8020071c        0     1                 
80200720 80200720        0     1                 
80200728 80200728        0     1                 
80200728 80200728        0     1                 
80200728 80200728        0     1                 
80200728 80200728      1b6     2         /tmp/common-8e02f4.o:(.text)
80200728 80200728        0     1                 
80200728 80200728        0     1                 
80200728 80200728        0     1                 
80200728 80200728      1b6     1                 printf
80200756 80200756        0     1                 
8020077e 8020077e        0     1                 .LBB0_1
8020077e 8020077e        0     1                 
80200782 80200782        0     1                 .LBB0_2
80200782 80200782        0     1                 
80200784 80200784        0     1                 .LBB0_3
80200784 80200784        0     1                 
80200788 80200788        0     1                 
80200790 80200790        0     1                 .LBB0_5
80200790 80200790        0     1                 
80200792 80200792        0     1                 
80200792 80200792        0     1                 
80200794 80200794        0     1                 
80200796 80200796        0     1                 .LBB0_6
80200796 80200796        0     1                 
8020079a 8020079a        0     1                 
8020079c 8020079c        0     1                 
802007ac 802007ac        0     1                 
802007ac 802007ac        0     1                 
802007b8 802007b8        0     1                 
802007b8 802007b8        0     1                 
802007bc 802007bc        0     1                 
802007bc 802007bc        0     1                 
802007be 802007be        0     1                 
802007c4 802007c4        0     1                 .LBB0_11
802007c4 802007c4        0     1                 
802007c4 802007c4        0     1                 
802007cc 802007cc        0     1                 
802007cc 802007cc        0     1                 
802007d6 802007d6        0     1                 
802007d6 802007d6        0     1                 
802007da 802007da        0     1                 
802007da 802007da        0     1                 
802007dc 802007dc        0     1                 
802007e0 802007e0        0     1                 
802007e2 802007e2        0     1                 
802007e2 802007e2        0     1                 
802007e8 802007e8        0     1                 
802007e8 802007e8        0     1                 
802007ea 802007ea        0     1                 
802007ee 802007ee        0     1                 
802007f0 802007f0        0     1                 
802007f0 802007f0        0     1                 
802007f6 802007f6        0     1                 
802007f6 802007f6        0     1                 
802007f8 802007f8        0     1                 
802007fc 802007fc        0     1                 
802007fe 802007fe        0     1                 
802007fe 802007fe        0     1                 
80200804 80200804        0     1                 
80200804 80200804        0     1                 
80200806 80200806        0     1                 
8020080a 8020080a        0     1                 
8020080c 8020080c        0     1                 
8020080c 8020080c        0     1                 
80200812 80200812        0     1                 
80200812 80200812        0     1                 
80200814 80200814        0     1                 
80200818 80200818        0     1                 
8020081c 8020081c        0     1                 
8020081c 8020081c        0     1                 
80200822 80200822        0     1                 
80200822 80200822        0     1                 
80200824 80200824        0     1                 
80200828 80200828        0     1                 
8020082c 8020082c        0     1                 
8020082c 8020082c        0     1                 
80200832 80200832        0     1                 
80200832 80200832        0     1                 
80200834 80200834        0     1                 
80200838 80200838        0     1                 
8020083c 8020083c        0     1                 
8020083c 8020083c        0     1                 
8020083e 8020083e        0     1                 
8020083e 8020083e        0     1                 
80200840 80200840        0     1                 
80200844 80200844        0     1                 
80200844 80200844        0     1                 
80200848 80200848        0     1                 
80200848 80200848        0     1                 
8020084a 8020084a        0     1                 
8020084c 8020084c        0     1                 .LBB0_14
8020084c 8020084c        0     1                 
8020084c 8020084c        0     1                 
80200856 80200856        0     1                 
80200856 80200856        0     1                 
8020085a 8020085a        0     1                 
80200860 80200860        0     1                 
80200860 80200860        0     1                 .LBB0_16
80200860 80200860        0     1                 
80200868 80200868        0     1                 
80200868 80200868        0     1                 
8020086c 8020086c        0     1                 
8020086e 8020086e        0     1                 
80200872 80200872        0     1                 .LBB0_17
80200872 80200872        0     1                 
80200872 80200872        0     1                 
8020087a 8020087a        0     1                 
8020087a 8020087a        0     1                 
8020087e 8020087e        0     1                 
8020087e 8020087e        0     1                 
80200880 80200880        0     1                 
80200884 80200884        0     1                 .LBB0_18
80200884 80200884        0     1                 
80200886 80200886        0     1                 
80200886 80200886        0     1                 .LBB0_19
80200886 80200886        0     1                 
8020088a 8020088a        0     1                 
8020088e 8020088e        0     1                 
80200892 80200892        0     1                 .LBB0_20
80200892 80200892        0     1                 
80200892 80200892        0     1                 
80200894 80200894        0     1                 
80200894 80200894        0     1                 
80200898 80200898        0     1                 
8020089c 8020089c        0     1                 
802008a4 802008a4        0     1                 
802008a4 802008a4        0     1                 
802008b2 802008b2        0     1                 
802008b2 802008b2        0     1                 
802008b8 802008b8        0     1                 .LBB0_21
802008b8 802008b8        0     1                 
802008b8 802008b8        0     1                 
802008c0 802008c0        0     1                 .LBB0_22
802008c0 802008c0        0     1                 
802008c0 802008c0        0     1                 
802008c4 802008c4        0     1                 
802008da 802008da        0     1                 
802008de 802008de        0     1                 
802008de 802008de        0     1                 
802008e0 802008e0      116     4 .rodata
802008e0 802008e0      116     1         <internal>:(.rodata.str1.1)
802009f8 802009f8        0     4 .bss
802009f8 802009f8        0     1         __bss = .
802009f8 802009f8        0     1         __bss_end = .
802009f8 802009f8        0     1 . = ALIGN ( 4 )
802009f8 802009f8    20000     1 . += 128 * 1024
802209f8 802209f8        0     1 __stack_top = .
       0        0      f91     1 .debug_loc
       0        0      df7     1         /tmp/kernel-93d67d.o:(.debug_loc)
       0        0        0     1                 
      1b       1b        0     1                 
      38       38        0     1                 
      60       60        0     1                 
      7d       7d        0     1                 
      a3       a3        0     1                 
      be       be        0     1                 
      db       db        0     1                 
      f6       f6        0     1                 
     113      113        0     1                 
     13b      13b        0     1                 
     158      158        0     1                 
     173      173        0     1                 
     190      190        0     1                 
     1ad      1ad        0     1                 
     1ca      1ca        0     1                 
     1e7      1e7        0     1                 
     2aa      2aa        0     1                 
     363      363        0     1                 
     426      426        0     1                 
     443      443        0     1                 
     460      460        0     1                 
     47d      47d        0     1                 
     498      498        0     1                 
     4b5      4b5        0     1                 
     4d0      4d0        0     1                 
     4ed      4ed        0     1                 
     508      508        0     1                 
     525      525        0     1                 
     540      540        0     1                 
     55d      55d        0     1                 
     615      615        0     1                 
     6d6      6d6        0     1                 
     797      797        0     1                 
     7b4      7b4        0     1                 
     7cf      7cf        0     1                 
     7ec      7ec        0     1                 
     809      809        0     1                 
     826      826        0     1                 
     84e      84e        0     1                 
     86b      86b        0     1                 
     8b2      8b2        0     1                 
     8cd      8cd        0     1                 
     8ea      8ea        0     1                 
     912      912        0     1                 
     92f      92f        0     1                 
     955      955        0     1                 
     972      972        0     1                 
     98d      98d        0     1                 
     9aa      9aa        0     1                 
     9c7      9c7        0     1                 
     9ef      9ef        0     1                 
     aa5      aa5        0     1                 
     b51      b51        0     1                 
     b70      b70        0     1                 
     c26      c26        0     1                 
     c43      c43        0     1                 
     c5e      c5e        0     1                 
     c79      c79        0     1                 
     c96      c96        0     1                 
     cb3      cb3        0     1                 
     cd0      cd0        0     1                 
     cf8      cf8        0     1                 
     d17      d17        0     1                 
     d32      d32        0     1                 
     d4d      d4d        0     1                 
     d6a      d6a        0     1                 
     d87      d87        0     1                 
     da2      da2        0     1                 
     dbf      dbf        0     1                 
     dda      dda        0     1                 
     df7      df7      19a     1         /tmp/common-8e02f4.o:(.debug_loc)
     df7      df7        0     1                 
     e15      e15        0     1                 
     e33      e33        0     1                 
     e76      e76        0     1                 
     ef3      ef3        0     1                 
     f06      f06        0     1                 
     f66      f66        0     1                 
       0        0      29e     1 .debug_abbrev
       0        0      1b1     1         /tmp/kernel-93d67d.o:(.debug_abbrev)
     1b1      1b1       ed     1         /tmp/common-8e02f4.o:(.debug_abbrev)
       0        0     16db     1 .debug_info
       0        0     152d     1         /tmp/kernel-93d67d.o:(.debug_info)
    152d     152d      1ae     1         /tmp/common-8e02f4.o:(.debug_info)
       0        0       30     1 .debug_ranges
       0        0       18     1         /tmp/kernel-93d67d.o:(.debug_ranges)
       0        0        0     1                 
      18       18       18     1         /tmp/common-8e02f4.o:(.debug_ranges)
      18       18        0     1                 
       0        0      171     1 .debug_str
       0        0      171     1         <internal>:(.debug_str)
       0        0       40     1 .comment
       0        0       40     1         <internal>:(.comment)
       0        0       2b     1 .riscv.attributes
       0        0       2b     1         <internal>:(.riscv.attributes)
       0        0       d8     4 .debug_frame
       0        0       94     4         /tmp/kernel-93d67d.o:(.debug_frame)
       0        0        0     1                 
      94       94       44     4         /tmp/common-8e02f4.o:(.debug_frame)
      94       94        0     1                 
       0        0      5ad     1 .debug_line
       0        0      352     1         /tmp/kernel-93d67d.o:(.debug_line)
       0        0        0     1                 .Lline_table_start0
     352      352      25b     1         /tmp/common-8e02f4.o:(.debug_line)
     352      352        0     1                 .Lline_table_start0
       0        0     1fd0     4 .symtab
       0        0     1fd0     4         <internal>:(.symtab)
       0        0       a0     1 .shstrtab
       0        0       a0     1         <internal>:(.shstrtab)
       0        0       6c     1 .strtab
       0        0       6c     1         <internal>:(.strtab)
